// Jest Snapshot v1, https://goo.gl/fbAQLP

exports[`Dialog 1`] = `
<View
  style={
    Object {
      "alignItems": "center",
      "flex": 1,
      "justifyContent": "center",
      "overflow": "hidden",
      "position": "relative",
    }
  }
>
  <View
    accessible={true}
    focusable={true}
    onClick={[Function]}
    onResponderGrant={[Function]}
    onResponderMove={[Function]}
    onResponderRelease={[Function]}
    onResponderTerminate={[Function]}
    onResponderTerminationRequest={[Function]}
    onStartShouldSetResponder={[Function]}
    style={
      Object {
        "backgroundColor": "#0007",
        "bottom": 0,
        "left": 0,
        "position": "absolute",
        "right": 0,
        "top": 0,
      }
    }
    testID="dialogOverlay"
  />
  <View
    style={
      Array [
        Object {
          "backgroundColor": "white",
          "display": "flex",
        },
        Object {
          "borderRadius": 20,
          "margin": 48,
          "overflow": "hidden",
        },
      ]
    }
  >
    test
  </View>
</View>
`;
