// Jest Snapshot v1, https://goo.gl/fbAQLP

exports[`BookItem 1`] = `
<View
  style={
    Array [
      Object {
        "display": "flex",
        "flex": 1,
        "justifyContent": "center",
      },
    ]
  }
>
  <ActivityIndicator
    color="#5396EE"
    size="large"
  />
</View>
`;

exports[`BookItem 2`] = `
<View
  style={
    Object {
      "flex": 1,
      "marginTop": 30,
    }
  }
>
  <Image
    fadeDuration={0}
    resizeMode="contain"
    source={
      Object {
        "testUri": "../../../src/shared/assets/images/start-search.png",
      }
    }
    style={
      Object {
        "width": "100%",
      }
    }
  />
  <Text
    style={
      Array [
        Object {
          "color": "#8C93A3",
          "display": "flex",
          "fontSize": 16,
        },
        Object {
          "fontSize": 20,
          "textAlign": "center",
        },
      ]
    }
  >
    Start search books to see a result
  </Text>
</View>
`;

exports[`BookItem 3`] = `
<RCTScrollView
  ListEmptyComponent={
    <View
      style={
        Object {
          "flex": 1,
          "marginTop": 30,
        }
      }
    >
      <Image
        fadeDuration={0}
        resizeMode="contain"
        source={
          Object {
            "testUri": "../../../src/shared/assets/images/no-result.png",
          }
        }
        style={
          Object {
            "width": "100%",
          }
        }
      />
      <ForwardRef
        color="search"
        style={
          Object {
            "fontSize": 24,
            "marginTop": 20,
            "textAlign": "center",
          }
        }
      >
        Nothing has found
      </ForwardRef>
    </View>
  }
  contentContainerStyle={
    Object {
      "paddingHorizontal": 15,
    }
  }
  data={
    Array [
      Object {
        "ext": "epub",
        "link": "http://example.com",
        "title": "First result",
        "type": "ZLIB",
      },
      Object {
        "ext": "epub",
        "link": "http://ex.com",
        "title": "Second",
        "type": "ZLIB",
      },
      Object {
        "ext": "epub",
        "link": "http://q.com",
        "title": "Third res",
        "type": "ZLIB",
      },
    ]
  }
  getItem={[Function]}
  getItemCount={[Function]}
  keyExtractor={[Function]}
  onContentSizeChange={[Function]}
  onLayout={[Function]}
  onMomentumScrollBegin={[Function]}
  onMomentumScrollEnd={[Function]}
  onScroll={[Function]}
  onScrollBeginDrag={[Function]}
  onScrollEndDrag={[Function]}
  removeClippedSubviews={false}
  renderItem={[Function]}
  scrollEventThrottle={50}
  stickyHeaderIndices={Array []}
  style={
    Object {
      "marginTop": 15,
    }
  }
  viewabilityConfigCallbackPairs={Array []}
>
  <View>
    <View
      onLayout={[Function]}
      style={null}
    >
      <View
        accessible={true}
        collapsable={false}
        focusable={true}
        nativeID="animatedComponent"
        onClick={[Function]}
        onResponderGrant={[Function]}
        onResponderMove={[Function]}
        onResponderRelease={[Function]}
        onResponderTerminate={[Function]}
        onResponderTerminationRequest={[Function]}
        onStartShouldSetResponder={[Function]}
        style={
          Object {
            "display": "flex",
            "marginBottom": 24,
            "opacity": 1,
          }
        }
        testID="book-item"
      >
        <View
          style={
            Array [
              Object {
                "alignItems": "center",
                "display": "flex",
                "flexDirection": "row",
              },
            ]
          }
        >
          <RNSVGSvgView
            align="xMidYMid"
            bbHeight={50}
            bbWidth={40}
            focusable={false}
            height={50}
            meetOrSlice={0}
            minX={0}
            minY={0}
            style={
              Array [
                Object {
                  "backgroundColor": "transparent",
                  "borderWidth": 0,
                },
                Object {
                  "flex": 0,
                  "height": 50,
                  "width": 40,
                },
              ]
            }
            vbHeight={50}
            vbWidth={40}
            width={40}
          >
            <RNSVGGroup>
              <RNSVGGroup>
                <RNSVGPath
                  d="M24 0H2.4A2.394 2.394 90 000 2.388V48.8a2.394 2.394 90 002.388 2.4H36a2.394 2.394 90 002.4-2.388V14.4H25.6a1.6 1.6 90 01-1.6-1.6zm14.4 12.19v.61H27.2a1.6 1.6 90 01-1.6-1.6V0h.61a2.4 2.4 90 011.7.7l9.79 9.8a2.39 2.39 90 01.7 1.69z"
                  fill={4283668206}
                  propList={
                    Array [
                      "fill",
                    ]
                  }
                />
              </RNSVGGroup>
              <RNSVGText
                content={null}
                dx={Array []}
                dy={Array []}
                fill={4294967295}
                font={
                  Object {
                    "fontSize": "12",
                    "fontWeight": "bold",
                    "textAnchor": "middle",
                  }
                }
                propList={
                  Array [
                    "fill",
                  ]
                }
                rotate={Array []}
                x={
                  Array [
                    "19",
                  ]
                }
                y={
                  Array [
                    "44",
                  ]
                }
              >
                <RNSVGTSpan
                  content="EPUB"
                  dx={Array []}
                  dy={Array []}
                  font={Object {}}
                  rotate={Array []}
                  x={Array []}
                  y={Array []}
                />
              </RNSVGText>
            </RNSVGGroup>
          </RNSVGSvgView>
          <View
            style={
              Array [
                Object {
                  "display": "flex",
                  "flex": 1,
                  "marginLeft": 8,
                },
              ]
            }
          >
            <Text
              style={
                Array [
                  Object {
                    "color": "#092D5D",
                    "display": "flex",
                    "fontSize": 16,
                  },
                ]
              }
            >
              First result
            </Text>
          </View>
        </View>
      </View>
    </View>
    <View
      onLayout={[Function]}
      style={null}
    >
      <View
        accessible={true}
        collapsable={false}
        focusable={true}
        nativeID="animatedComponent"
        onClick={[Function]}
        onResponderGrant={[Function]}
        onResponderMove={[Function]}
        onResponderRelease={[Function]}
        onResponderTerminate={[Function]}
        onResponderTerminationRequest={[Function]}
        onStartShouldSetResponder={[Function]}
        style={
          Object {
            "display": "flex",
            "marginBottom": 24,
            "opacity": 1,
          }
        }
        testID="book-item"
      >
        <View
          style={
            Array [
              Object {
                "alignItems": "center",
                "display": "flex",
                "flexDirection": "row",
              },
            ]
          }
        >
          <RNSVGSvgView
            align="xMidYMid"
            bbHeight={50}
            bbWidth={40}
            focusable={false}
            height={50}
            meetOrSlice={0}
            minX={0}
            minY={0}
            style={
              Array [
                Object {
                  "backgroundColor": "transparent",
                  "borderWidth": 0,
                },
                Object {
                  "flex": 0,
                  "height": 50,
                  "width": 40,
                },
              ]
            }
            vbHeight={50}
            vbWidth={40}
            width={40}
          >
            <RNSVGGroup>
              <RNSVGGroup>
                <RNSVGPath
                  d="M24 0H2.4A2.394 2.394 90 000 2.388V48.8a2.394 2.394 90 002.388 2.4H36a2.394 2.394 90 002.4-2.388V14.4H25.6a1.6 1.6 90 01-1.6-1.6zm14.4 12.19v.61H27.2a1.6 1.6 90 01-1.6-1.6V0h.61a2.4 2.4 90 011.7.7l9.79 9.8a2.39 2.39 90 01.7 1.69z"
                  fill={4283668206}
                  propList={
                    Array [
                      "fill",
                    ]
                  }
                />
              </RNSVGGroup>
              <RNSVGText
                content={null}
                dx={Array []}
                dy={Array []}
                fill={4294967295}
                font={
                  Object {
                    "fontSize": "12",
                    "fontWeight": "bold",
                    "textAnchor": "middle",
                  }
                }
                propList={
                  Array [
                    "fill",
                  ]
                }
                rotate={Array []}
                x={
                  Array [
                    "19",
                  ]
                }
                y={
                  Array [
                    "44",
                  ]
                }
              >
                <RNSVGTSpan
                  content="EPUB"
                  dx={Array []}
                  dy={Array []}
                  font={Object {}}
                  rotate={Array []}
                  x={Array []}
                  y={Array []}
                />
              </RNSVGText>
            </RNSVGGroup>
          </RNSVGSvgView>
          <View
            style={
              Array [
                Object {
                  "display": "flex",
                  "flex": 1,
                  "marginLeft": 8,
                },
              ]
            }
          >
            <Text
              style={
                Array [
                  Object {
                    "color": "#092D5D",
                    "display": "flex",
                    "fontSize": 16,
                  },
                ]
              }
            >
              Second
            </Text>
          </View>
        </View>
      </View>
    </View>
    <View
      onLayout={[Function]}
      style={null}
    >
      <View
        accessible={true}
        collapsable={false}
        focusable={true}
        nativeID="animatedComponent"
        onClick={[Function]}
        onResponderGrant={[Function]}
        onResponderMove={[Function]}
        onResponderRelease={[Function]}
        onResponderTerminate={[Function]}
        onResponderTerminationRequest={[Function]}
        onStartShouldSetResponder={[Function]}
        style={
          Object {
            "display": "flex",
            "marginBottom": 24,
            "opacity": 1,
          }
        }
        testID="book-item"
      >
        <View
          style={
            Array [
              Object {
                "alignItems": "center",
                "display": "flex",
                "flexDirection": "row",
              },
            ]
          }
        >
          <RNSVGSvgView
            align="xMidYMid"
            bbHeight={50}
            bbWidth={40}
            focusable={false}
            height={50}
            meetOrSlice={0}
            minX={0}
            minY={0}
            style={
              Array [
                Object {
                  "backgroundColor": "transparent",
                  "borderWidth": 0,
                },
                Object {
                  "flex": 0,
                  "height": 50,
                  "width": 40,
                },
              ]
            }
            vbHeight={50}
            vbWidth={40}
            width={40}
          >
            <RNSVGGroup>
              <RNSVGGroup>
                <RNSVGPath
                  d="M24 0H2.4A2.394 2.394 90 000 2.388V48.8a2.394 2.394 90 002.388 2.4H36a2.394 2.394 90 002.4-2.388V14.4H25.6a1.6 1.6 90 01-1.6-1.6zm14.4 12.19v.61H27.2a1.6 1.6 90 01-1.6-1.6V0h.61a2.4 2.4 90 011.7.7l9.79 9.8a2.39 2.39 90 01.7 1.69z"
                  fill={4283668206}
                  propList={
                    Array [
                      "fill",
                    ]
                  }
                />
              </RNSVGGroup>
              <RNSVGText
                content={null}
                dx={Array []}
                dy={Array []}
                fill={4294967295}
                font={
                  Object {
                    "fontSize": "12",
                    "fontWeight": "bold",
                    "textAnchor": "middle",
                  }
                }
                propList={
                  Array [
                    "fill",
                  ]
                }
                rotate={Array []}
                x={
                  Array [
                    "19",
                  ]
                }
                y={
                  Array [
                    "44",
                  ]
                }
              >
                <RNSVGTSpan
                  content="EPUB"
                  dx={Array []}
                  dy={Array []}
                  font={Object {}}
                  rotate={Array []}
                  x={Array []}
                  y={Array []}
                />
              </RNSVGText>
            </RNSVGGroup>
          </RNSVGSvgView>
          <View
            style={
              Array [
                Object {
                  "display": "flex",
                  "flex": 1,
                  "marginLeft": 8,
                },
              ]
            }
          >
            <Text
              style={
                Array [
                  Object {
                    "color": "#092D5D",
                    "display": "flex",
                    "fontSize": 16,
                  },
                ]
              }
            >
              Third res
            </Text>
          </View>
        </View>
      </View>
    </View>
  </View>
</RCTScrollView>
`;
